
	<span>1 : my name is Stella and i'm 41.</span><br/>

	<span>2 : my name is Steve.</span><br/>

	<span>3 : my name is Franck and i'm 23.</span><br/>
